// Jest Snapshot v1, https://goo.gl/fbAQLP

exports[`should render the Tab component 1`] = `<Component />`;
